// Copyright YYYY Your Name Here.  All rights reserved.
package main

import "fmt"

func main() { //<<<<<addcopyright,5,1,5,1,Your Name Here,pass
	fmt.Println("Hello, world!")
}
